time: {"pass":"parse_crate","time":0.000370446,"rss_start":36847616,"rss_end":38944768}
time: {"pass":"crate_injection","time":0.000038979,"rss_start":43622400,"rss_end":43950080}
time: {"pass":"expand_crate","time":0.024590177,"rss_start":43950080,"rss_end":82460672}
time: {"pass":"check_unused_macros","time":0.000022834,"rss_start":82460672,"rss_end":82526208}
time: {"pass":"macro_expand_crate","time":0.024677378,"rss_start":43950080,"rss_end":82526208}
time: {"pass":"maybe_building_test_harness","time":0.000017146,"rss_start":82526208,"rss_end":82526208}
time: {"pass":"AST_validation","time":0.000381633,"rss_start":82526208,"rss_end":82526208}
time: {"pass":"maybe_create_a_macro_crate","time":0.000017537,"rss_start":82526208,"rss_end":82526208}
time: {"pass":"finalize_imports","time":0.000096465,"rss_start":82526208,"rss_end":82604032}
time: {"pass":"compute_effective_visibilities","time":0.000108743,"rss_start":82726912,"rss_end":82763776}
time: {"pass":"lint_reexports","time":0.00002636,"rss_start":82763776,"rss_end":82763776}
time: {"pass":"finalize_macro_resolutions","time":0.000303495,"rss_start":82763776,"rss_end":82923520}
time: {"pass":"late_resolve_crate","time":0.008235838,"rss_start":82923520,"rss_end":95076352}
time: {"pass":"resolve_main","time":0.000018098,"rss_start":95076352,"rss_end":95076352}
time: {"pass":"resolve_check_unused","time":0.000313721,"rss_start":95076352,"rss_end":95076352}
time: {"pass":"resolve_report_errors","time":0.000017135,"rss_start":95076352,"rss_end":95076352}
time: {"pass":"resolve_postprocess","time":0.000489063,"rss_start":95076352,"rss_end":95076352}
time: {"pass":"resolve_crate","time":0.00981048,"rss_start":82526208,"rss_end":95076352}
time: {"pass":"write_dep_info","time":0.000037707,"rss_start":95076352,"rss_end":95117312}
time: {"pass":"complete_gated_feature_checking","time":0.000274562,"rss_start":95248384,"rss_end":95248384}
time: {"pass":"drop_ast","time":0.001544438,"rss_start":102424576,"rss_end":102424576}
time: {"pass":"looking_for_entry_point","time":0.000017897,"rss_start":102555648,"rss_end":102555648}
time: {"pass":"looking_for_derive_registrar","time":0.00017992,"rss_start":102555648,"rss_end":102768640}
time: {"pass":"unused_lib_feature_checking","time":0.000421402,"rss_start":103022592,"rss_end":102891520}
time: {"pass":"misc_checking_1","time":0.003952019,"rss_start":102555648,"rss_end":103858176}
time: {"pass":"coherence_checking","time":0.033366996,"rss_start":103923712,"rss_end":131244032}
time: {"pass":"emit_ast_lowering_delayed_lints","time":0.000022814,"rss_start":131244032,"rss_end":131252224}
time: {"pass":"type_check_crate","time":0.121400498,"rss_start":103858176,"rss_end":155222016}
time: {"pass":"MIR_borrow_checking","time":0.122906056,"rss_start":155222016,"rss_end":173711360}
time: {"pass":"layout_testing","time":0.000018488,"rss_start":173711360,"rss_end":173711360}
time: {"pass":"abi_testing","time":0.000017166,"rss_start":173711360,"rss_end":173711360}
time: {"pass":"crate_lints","time":0.000017086,"rss_start":174022656,"rss_end":174022656}
time: {"pass":"module_lints","time":0.006445411,"rss_start":174022656,"rss_end":174948352}
time: {"pass":"lint_checking","time":0.006535156,"rss_start":174022656,"rss_end":174948352}
time: {"pass":"privacy_checking_modules","time":0.004621926,"rss_start":174948352,"rss_end":175218688}
time: {"pass":"check_lint_expectations","time":0.000033751,"rss_start":175218688,"rss_end":175218688}
time: {"pass":"misc_checking_3","time":0.016150894,"rss_start":173711360,"rss_end":175218688}
time: {"pass":"generate_crate_metadata","time":0.006475496,"rss_start":175218688,"rss_end":179052544}
time: {"pass":"codegen_crate","time":0.0003132,"rss_start":179052544,"rss_end":179097600}
time: {"pass":"serialize_dep_graph","time":0.000022603,"rss_start":180379648,"rss_end":180379648}
time: {"pass":"join_worker_thread","time":0.000017596,"rss_start":137990144,"rss_end":137990144}
time: {"pass":"finish_ongoing_codegen","time":0.000070746,"rss_start":137990144,"rss_end":138055680}
time: {"pass":"serialize_work_products","time":0.000016825,"rss_start":138055680,"rss_end":138055680}
time: {"pass":"link_binary_check_files_are_writeable","time":0.000016796,"rss_start":138055680,"rss_end":138055680}
time: {"pass":"link_binary_remove_temps","time":0.000016966,"rss_start":138055680,"rss_end":138055680}
time: {"pass":"link_binary","time":0.000091367,"rss_start":138055680,"rss_end":138055680}
time: {"pass":"link_crate","time":0.000136935,"rss_start":138055680,"rss_end":138055680}
time: {"pass":"link","time":0.000227041,"rss_start":138055680,"rss_end":138055680}
time: {"pass":"total","time":0.3369887,"rss_start":28213248,"rss_end":112508928}
