time: {"pass":"parse_crate","time":0.000337396,"rss_start":36913152,"rss_end":38981632}
time: {"pass":"crate_injection","time":0.00003988,"rss_start":43671552,"rss_end":43999232}
time: {"pass":"expand_crate","time":0.048227734,"rss_start":43999232,"rss_end":96477184}
time: {"pass":"check_unused_macros","time":0.000023435,"rss_start":96477184,"rss_end":96542720}
time: {"pass":"macro_expand_crate","time":0.048322957,"rss_start":43999232,"rss_end":96542720}
time: {"pass":"maybe_building_test_harness","time":0.000017416,"rss_start":96542720,"rss_end":96542720}
time: {"pass":"AST_validation","time":0.000796175,"rss_start":96542720,"rss_end":96542720}
time: {"pass":"maybe_create_a_macro_crate","time":0.00001973,"rss_start":96542720,"rss_end":96542720}
time: {"pass":"finalize_imports","time":0.000159499,"rss_start":96542720,"rss_end":96661504}
time: {"pass":"compute_effective_visibilities","time":0.000175763,"rss_start":96784384,"rss_end":96800768}
time: {"pass":"lint_reexports","time":0.000032309,"rss_start":96800768,"rss_end":96800768}
time: {"pass":"finalize_macro_resolutions","time":0.000351217,"rss_start":96800768,"rss_end":96956416}
time: {"pass":"late_resolve_crate","time":0.009949069,"rss_start":96956416,"rss_end":109068288}
time: {"pass":"resolve_main","time":0.000018268,"rss_start":109068288,"rss_end":109068288}
time: {"pass":"resolve_check_unused","time":0.000763766,"rss_start":109068288,"rss_end":109076480}
time: {"pass":"resolve_report_errors","time":0.000017326,"rss_start":109076480,"rss_end":109076480}
time: {"pass":"resolve_postprocess","time":0.001080351,"rss_start":109076480,"rss_end":109076480}
time: {"pass":"resolve_crate","time":0.012768609,"rss_start":96542720,"rss_end":109076480}
time: {"pass":"write_dep_info","time":0.000040551,"rss_start":109092864,"rss_end":109133824}
time: {"pass":"complete_gated_feature_checking","time":0.000540141,"rss_start":109264896,"rss_end":109264896}
time: {"pass":"drop_ast","time":0.003579371,"rss_start":126328832,"rss_end":126328832}
time: {"pass":"looking_for_entry_point","time":0.000018387,"rss_start":126464000,"rss_end":126464000}
time: {"pass":"looking_for_derive_registrar","time":0.000362995,"rss_start":126464000,"rss_end":126668800}
time: {"pass":"unused_lib_feature_checking","time":0.001030477,"rss_start":126828544,"rss_end":126697472}
time: {"pass":"misc_checking_1","time":0.006902577,"rss_start":126464000,"rss_end":127680512}
time: {"pass":"coherence_checking","time":0.039443955,"rss_start":127746048,"rss_end":149594112}
time: {"pass":"emit_ast_lowering_delayed_lints","time":0.000034272,"rss_start":149594112,"rss_end":149528576}
time: {"pass":"type_check_crate","time":0.321085989,"rss_start":127680512,"rss_end":241102848}
time: {"pass":"MIR_borrow_checking","time":0.130775975,"rss_start":241102848,"rss_end":258392064}
time: {"pass":"layout_testing","time":0.000018617,"rss_start":258392064,"rss_end":258392064}
time: {"pass":"abi_testing","time":0.000017266,"rss_start":258392064,"rss_end":258392064}
time: {"pass":"crate_lints","time":0.000017306,"rss_start":258383872,"rss_end":258383872}
time: {"pass":"module_lints","time":0.012752955,"rss_start":258383872,"rss_end":258813952}
time: {"pass":"lint_checking","time":0.01284876,"rss_start":258383872,"rss_end":258813952}
time: {"pass":"privacy_checking_modules","time":0.008657981,"rss_start":258813952,"rss_end":259092480}
time: {"pass":"check_lint_expectations","time":0.000038668,"rss_start":259092480,"rss_end":259092480}
time: {"pass":"misc_checking_3","time":0.028070569,"rss_start":258392064,"rss_end":259092480}
time: {"pass":"generate_crate_metadata","time":0.020188312,"rss_start":259092480,"rss_end":266260480}
time: {"pass":"codegen_crate","time":0.000329214,"rss_start":266260480,"rss_end":266211328}
time: {"pass":"serialize_dep_graph","time":0.000023465,"rss_start":267603968,"rss_end":267603968}
time: {"pass":"join_worker_thread","time":0.000018939,"rss_start":192905216,"rss_end":192905216}
time: {"pass":"finish_ongoing_codegen","time":0.000076305,"rss_start":192905216,"rss_end":192970752}
time: {"pass":"serialize_work_products","time":0.000016745,"rss_start":192970752,"rss_end":192970752}
time: {"pass":"link_binary_check_files_are_writeable","time":0.000016495,"rss_start":192970752,"rss_end":192970752}
time: {"pass":"link_binary_remove_temps","time":0.000016845,"rss_start":192970752,"rss_end":192970752}
time: {"pass":"link_binary","time":0.000088383,"rss_start":192970752,"rss_end":192970752}
time: {"pass":"link_crate","time":0.000133189,"rss_start":192970752,"rss_end":192970752}
time: {"pass":"link","time":0.00022677,"rss_start":192970752,"rss_end":192970752}
time: {"pass":"total","time":0.630727165,"rss_start":28311552,"rss_end":150151168}
