time: {"pass":"parse_crate","time":0.000334191,"rss_start":36978688,"rss_end":39055360}
time: {"pass":"crate_injection","time":0.000038868,"rss_start":43757568,"rss_end":44085248}
time: {"pass":"expand_crate","time":0.047793693,"rss_start":44085248,"rss_end":96604160}
time: {"pass":"check_unused_macros","time":0.000023345,"rss_start":96604160,"rss_end":96669696}
time: {"pass":"macro_expand_crate","time":0.04788539,"rss_start":44085248,"rss_end":96669696}
time: {"pass":"maybe_building_test_harness","time":0.000017145,"rss_start":96669696,"rss_end":96669696}
time: {"pass":"AST_validation","time":0.000707231,"rss_start":96669696,"rss_end":96669696}
time: {"pass":"maybe_create_a_macro_crate","time":0.000017566,"rss_start":96669696,"rss_end":96669696}
time: {"pass":"finalize_imports","time":0.000130656,"rss_start":96669696,"rss_end":96788480}
time: {"pass":"compute_effective_visibilities","time":0.000159159,"rss_start":96911360,"rss_end":96927744}
time: {"pass":"lint_reexports","time":0.000029134,"rss_start":96927744,"rss_end":96927744}
time: {"pass":"finalize_macro_resolutions","time":0.000309354,"rss_start":96927744,"rss_end":97087488}
time: {"pass":"late_resolve_crate","time":0.009781607,"rss_start":97087488,"rss_end":109203456}
time: {"pass":"resolve_main","time":0.000017977,"rss_start":109203456,"rss_end":109203456}
time: {"pass":"resolve_check_unused","time":0.000765058,"rss_start":109203456,"rss_end":109207552}
time: {"pass":"resolve_report_errors","time":0.000017045,"rss_start":109207552,"rss_end":109207552}
time: {"pass":"resolve_postprocess","time":0.001097497,"rss_start":109207552,"rss_end":109207552}
time: {"pass":"resolve_crate","time":0.012506155,"rss_start":96669696,"rss_end":109207552}
time: {"pass":"write_dep_info","time":0.000040181,"rss_start":109223936,"rss_end":109264896}
time: {"pass":"complete_gated_feature_checking","time":0.000564307,"rss_start":109395968,"rss_end":109395968}
time: {"pass":"drop_ast","time":0.003550888,"rss_start":126459904,"rss_end":126459904}
time: {"pass":"looking_for_entry_point","time":0.000018608,"rss_start":126595072,"rss_end":126595072}
time: {"pass":"looking_for_derive_registrar","time":0.000284146,"rss_start":126595072,"rss_end":126812160}
time: {"pass":"unused_lib_feature_checking","time":0.001701022,"rss_start":126980096,"rss_end":126849024}
time: {"pass":"misc_checking_1","time":0.008050679,"rss_start":126595072,"rss_end":127832064}
time: {"pass":"coherence_checking","time":0.038411175,"rss_start":127897600,"rss_end":149852160}
time: {"pass":"emit_ast_lowering_delayed_lints","time":0.00003358,"rss_start":149852160,"rss_end":149786624}
time: {"pass":"type_check_crate","time":0.309526454,"rss_start":127832064,"rss_end":241348608}
time: {"pass":"MIR_borrow_checking","time":0.131447613,"rss_start":241348608,"rss_end":258670592}
time: {"pass":"layout_testing","time":0.000018337,"rss_start":258670592,"rss_end":258670592}
time: {"pass":"abi_testing","time":0.000016946,"rss_start":258670592,"rss_end":258670592}
time: {"pass":"crate_lints","time":0.000017276,"rss_start":258682880,"rss_end":258682880}
time: {"pass":"module_lints","time":0.012676972,"rss_start":258682880,"rss_end":259117056}
time: {"pass":"lint_checking","time":0.01276893,"rss_start":258682880,"rss_end":259117056}
time: {"pass":"privacy_checking_modules","time":0.009087165,"rss_start":259117056,"rss_end":259387392}
time: {"pass":"check_lint_expectations","time":0.000039339,"rss_start":259387392,"rss_end":259387392}
time: {"pass":"misc_checking_3","time":0.028359092,"rss_start":258670592,"rss_end":259387392}
time: {"pass":"generate_crate_metadata","time":0.019105748,"rss_start":259387392,"rss_end":266575872}
time: {"pass":"codegen_crate","time":0.000335634,"rss_start":266575872,"rss_end":266530816}
time: {"pass":"serialize_dep_graph","time":0.000023175,"rss_start":267722752,"rss_end":267722752}
time: {"pass":"join_worker_thread","time":0.000017787,"rss_start":192815104,"rss_end":192815104}
time: {"pass":"finish_ongoing_codegen","time":0.000078508,"rss_start":192815104,"rss_end":192880640}
time: {"pass":"serialize_work_products","time":0.000016855,"rss_start":192880640,"rss_end":192880640}
time: {"pass":"link_binary_check_files_are_writeable","time":0.000016504,"rss_start":192880640,"rss_end":192880640}
time: {"pass":"link_binary_remove_temps","time":0.000016725,"rss_start":192880640,"rss_end":192880640}
time: {"pass":"link_binary","time":0.000085228,"rss_start":192880640,"rss_end":192880640}
time: {"pass":"link_crate","time":0.000128162,"rss_start":192880640,"rss_end":192880640}
time: {"pass":"link","time":0.000217376,"rss_start":192880640,"rss_end":192880640}
time: {"pass":"total","time":0.617539809,"rss_start":28340224,"rss_end":150106112}
