time: {"pass":"parse_crate","time":0.000329044,"rss_start":36872192,"rss_end":38952960}
time: {"pass":"crate_injection","time":0.000037857,"rss_start":43663360,"rss_end":43991040}
time: {"pass":"expand_crate","time":0.024862476,"rss_start":43991040,"rss_end":82427904}
time: {"pass":"check_unused_macros","time":0.000022804,"rss_start":82427904,"rss_end":82493440}
time: {"pass":"macro_expand_crate","time":0.024946031,"rss_start":43991040,"rss_end":82493440}
time: {"pass":"maybe_building_test_harness","time":0.000017115,"rss_start":82493440,"rss_end":82493440}
time: {"pass":"AST_validation","time":0.000385629,"rss_start":82493440,"rss_end":82493440}
time: {"pass":"maybe_create_a_macro_crate","time":0.000017186,"rss_start":82493440,"rss_end":82493440}
time: {"pass":"finalize_imports","time":0.000103976,"rss_start":82493440,"rss_end":82571264}
time: {"pass":"compute_effective_visibilities","time":0.000125017,"rss_start":82694144,"rss_end":82735104}
time: {"pass":"lint_reexports","time":0.00002681,"rss_start":82735104,"rss_end":82735104}
time: {"pass":"finalize_macro_resolutions","time":0.000305939,"rss_start":82735104,"rss_end":82898944}
time: {"pass":"late_resolve_crate","time":0.008193524,"rss_start":82898944,"rss_end":95047680}
time: {"pass":"resolve_main","time":0.000018098,"rss_start":95047680,"rss_end":95047680}
time: {"pass":"resolve_check_unused","time":0.000324687,"rss_start":95047680,"rss_end":95047680}
time: {"pass":"resolve_report_errors","time":0.000016916,"rss_start":95047680,"rss_end":95047680}
time: {"pass":"resolve_postprocess","time":0.000502354,"rss_start":95047680,"rss_end":95047680}
time: {"pass":"resolve_crate","time":0.009816649,"rss_start":82493440,"rss_end":95047680}
time: {"pass":"write_dep_info","time":0.000036425,"rss_start":95051776,"rss_end":95092736}
time: {"pass":"complete_gated_feature_checking","time":0.000289224,"rss_start":95223808,"rss_end":95223808}
time: {"pass":"drop_ast","time":0.001599841,"rss_start":102424576,"rss_end":102424576}
time: {"pass":"looking_for_entry_point","time":0.000018137,"rss_start":102543360,"rss_end":102543360}
time: {"pass":"looking_for_derive_registrar","time":0.000174802,"rss_start":102543360,"rss_end":102756352}
time: {"pass":"unused_lib_feature_checking","time":0.000422985,"rss_start":103022592,"rss_end":102891520}
time: {"pass":"misc_checking_1","time":0.003950308,"rss_start":102543360,"rss_end":103854080}
time: {"pass":"coherence_checking","time":0.03292991,"rss_start":103919616,"rss_end":131198976}
time: {"pass":"emit_ast_lowering_delayed_lints","time":0.000022764,"rss_start":131198976,"rss_end":131207168}
time: {"pass":"type_check_crate","time":0.121065435,"rss_start":103854080,"rss_end":155168768}
time: {"pass":"MIR_borrow_checking","time":0.122946768,"rss_start":155168768,"rss_end":173592576}
time: {"pass":"layout_testing","time":0.000020381,"rss_start":173592576,"rss_end":173592576}
time: {"pass":"abi_testing","time":0.000019039,"rss_start":173592576,"rss_end":173592576}
time: {"pass":"crate_lints","time":0.000021342,"rss_start":173912064,"rss_end":173912064}
time: {"pass":"module_lints","time":0.006598411,"rss_start":173912064,"rss_end":174854144}
time: {"pass":"lint_checking","time":0.006689778,"rss_start":173912064,"rss_end":174854144}
time: {"pass":"privacy_checking_modules","time":0.004683337,"rss_start":174854144,"rss_end":175124480}
time: {"pass":"check_lint_expectations","time":0.000038829,"rss_start":175124480,"rss_end":175124480}
time: {"pass":"misc_checking_3","time":0.016418866,"rss_start":173592576,"rss_end":175124480}
time: {"pass":"generate_crate_metadata","time":0.006746864,"rss_start":175124480,"rss_end":178937856}
time: {"pass":"codegen_crate","time":0.000327501,"rss_start":178937856,"rss_end":179056640}
time: {"pass":"serialize_dep_graph","time":0.000022003,"rss_start":180269056,"rss_end":180269056}
time: {"pass":"join_worker_thread","time":0.000017466,"rss_start":137945088,"rss_end":137945088}
time: {"pass":"finish_ongoing_codegen","time":0.000069625,"rss_start":137945088,"rss_end":138010624}
time: {"pass":"serialize_work_products","time":0.000016685,"rss_start":138010624,"rss_end":138010624}
time: {"pass":"link_binary_check_files_are_writeable","time":0.000016655,"rss_start":138010624,"rss_end":138010624}
time: {"pass":"link_binary_remove_temps","time":0.000016895,"rss_start":138010624,"rss_end":138010624}
time: {"pass":"link_binary","time":0.000086229,"rss_start":138010624,"rss_end":138010624}
time: {"pass":"link_crate","time":0.000128052,"rss_start":138010624,"rss_end":138010624}
time: {"pass":"link","time":0.000217827,"rss_start":138010624,"rss_end":138010624}
time: {"pass":"total","time":0.337723233,"rss_start":28241920,"rss_end":112459776}
