time: {"pass":"parse_crate","time":0.000333631,"rss_start":36974592,"rss_end":39051264}
time: {"pass":"crate_injection","time":0.000039269,"rss_start":43745280,"rss_end":44072960}
time: {"pass":"expand_crate","time":0.024758329,"rss_start":44072960,"rss_end":82509824}
time: {"pass":"check_unused_macros","time":0.000022584,"rss_start":82509824,"rss_end":82575360}
time: {"pass":"macro_expand_crate","time":0.024846531,"rss_start":44072960,"rss_end":82575360}
time: {"pass":"maybe_building_test_harness","time":0.000017216,"rss_start":82575360,"rss_end":82575360}
time: {"pass":"AST_validation","time":0.000369074,"rss_start":82575360,"rss_end":82575360}
time: {"pass":"maybe_create_a_macro_crate","time":0.000017326,"rss_start":82575360,"rss_end":82575360}
time: {"pass":"finalize_imports","time":0.000097617,"rss_start":82575360,"rss_end":82653184}
time: {"pass":"compute_effective_visibilities","time":0.000109705,"rss_start":82776064,"rss_end":82817024}
time: {"pass":"lint_reexports","time":0.0000262,"rss_start":82817024,"rss_end":82817024}
time: {"pass":"finalize_macro_resolutions","time":0.000305649,"rss_start":82817024,"rss_end":82980864}
time: {"pass":"late_resolve_crate","time":0.008318942,"rss_start":82980864,"rss_end":95129600}
time: {"pass":"resolve_main","time":0.000018358,"rss_start":95129600,"rss_end":95129600}
time: {"pass":"resolve_check_unused","time":0.000329254,"rss_start":95129600,"rss_end":95129600}
time: {"pass":"resolve_report_errors","time":0.000017086,"rss_start":95129600,"rss_end":95129600}
time: {"pass":"resolve_postprocess","time":0.000485518,"rss_start":95129600,"rss_end":95129600}
time: {"pass":"resolve_crate","time":0.009921577,"rss_start":82575360,"rss_end":95129600}
time: {"pass":"write_dep_info","time":0.000036555,"rss_start":95199232,"rss_end":95240192}
time: {"pass":"complete_gated_feature_checking","time":0.000282494,"rss_start":95371264,"rss_end":95371264}
time: {"pass":"drop_ast","time":0.001534923,"rss_start":102588416,"rss_end":102588416}
time: {"pass":"looking_for_entry_point","time":0.000017826,"rss_start":102711296,"rss_end":102711296}
time: {"pass":"looking_for_derive_registrar","time":0.000170606,"rss_start":102711296,"rss_end":102924288}
time: {"pass":"unused_lib_feature_checking","time":0.000411667,"rss_start":103190528,"rss_end":103059456}
time: {"pass":"misc_checking_1","time":0.003917308,"rss_start":102711296,"rss_end":104026112}
time: {"pass":"coherence_checking","time":0.033383951,"rss_start":104091648,"rss_end":131358720}
time: {"pass":"emit_ast_lowering_delayed_lints","time":0.000022724,"rss_start":131358720,"rss_end":131366912}
time: {"pass":"type_check_crate","time":0.122533107,"rss_start":104026112,"rss_end":155324416}
time: {"pass":"MIR_borrow_checking","time":0.123346718,"rss_start":155324416,"rss_end":173731840}
time: {"pass":"layout_testing","time":0.000018558,"rss_start":173731840,"rss_end":173731840}
time: {"pass":"abi_testing","time":0.000017176,"rss_start":173731840,"rss_end":173731840}
time: {"pass":"crate_lints","time":0.000017126,"rss_start":174047232,"rss_end":174047232}
time: {"pass":"module_lints","time":0.006472001,"rss_start":174047232,"rss_end":174981120}
time: {"pass":"lint_checking","time":0.006563679,"rss_start":174047232,"rss_end":174981120}
time: {"pass":"privacy_checking_modules","time":0.004695776,"rss_start":174981120,"rss_end":175255552}
time: {"pass":"check_lint_expectations","time":0.000032859,"rss_start":175255552,"rss_end":175255552}
time: {"pass":"misc_checking_3","time":0.016280028,"rss_start":173731840,"rss_end":175255552}
time: {"pass":"generate_crate_metadata","time":0.00657793,"rss_start":175255552,"rss_end":179113984}
time: {"pass":"codegen_crate","time":0.000301583,"rss_start":179113984,"rss_end":179154944}
time: {"pass":"serialize_dep_graph","time":0.000022664,"rss_start":180424704,"rss_end":180424704}
time: {"pass":"join_worker_thread","time":0.000018268,"rss_start":138039296,"rss_end":138039296}
time: {"pass":"finish_ongoing_codegen","time":0.000074853,"rss_start":138035200,"rss_end":138104832}
time: {"pass":"serialize_work_products","time":0.000017046,"rss_start":138104832,"rss_end":138104832}
time: {"pass":"link_binary_check_files_are_writeable","time":0.000016645,"rss_start":138104832,"rss_end":138104832}
time: {"pass":"link_binary_remove_temps","time":0.000016835,"rss_start":138104832,"rss_end":138104832}
time: {"pass":"link_binary","time":0.000097005,"rss_start":138104832,"rss_end":138104832}
time: {"pass":"link_crate","time":0.000142394,"rss_start":138104832,"rss_end":138104832}
time: {"pass":"link","time":0.000231277,"rss_start":138104832,"rss_end":138104832}
time: {"pass":"total","time":0.33904088,"rss_start":28344320,"rss_end":112574464}
