time: {"pass":"parse_crate","time":0.00033957,"rss_start":36978688,"rss_end":39059456}
time: {"pass":"crate_injection","time":0.000039059,"rss_start":43782144,"rss_end":44109824}
time: {"pass":"expand_crate","time":0.048237348,"rss_start":44109824,"rss_end":96649216}
time: {"pass":"check_unused_macros","time":0.000022974,"rss_start":96649216,"rss_end":96714752}
time: {"pass":"macro_expand_crate","time":0.048328656,"rss_start":44109824,"rss_end":96714752}
time: {"pass":"maybe_building_test_harness","time":0.000017165,"rss_start":96714752,"rss_end":96714752}
time: {"pass":"AST_validation","time":0.000724317,"rss_start":96714752,"rss_end":96714752}
time: {"pass":"maybe_create_a_macro_crate","time":0.000017356,"rss_start":96714752,"rss_end":96714752}
time: {"pass":"finalize_imports","time":0.000135303,"rss_start":96714752,"rss_end":96833536}
time: {"pass":"compute_effective_visibilities","time":0.000157487,"rss_start":96956416,"rss_end":96972800}
time: {"pass":"lint_reexports","time":0.000028763,"rss_start":96972800,"rss_end":96972800}
time: {"pass":"finalize_macro_resolutions","time":0.000308493,"rss_start":96972800,"rss_end":97132544}
time: {"pass":"late_resolve_crate","time":0.009849949,"rss_start":97132544,"rss_end":109240320}
time: {"pass":"resolve_main","time":0.000017887,"rss_start":109240320,"rss_end":109240320}
time: {"pass":"resolve_check_unused","time":0.00078016,"rss_start":109240320,"rss_end":109244416}
time: {"pass":"resolve_report_errors","time":0.000017276,"rss_start":109244416,"rss_end":109244416}
time: {"pass":"resolve_postprocess","time":0.001091338,"rss_start":109244416,"rss_end":109244416}
time: {"pass":"resolve_crate","time":0.012603271,"rss_start":96714752,"rss_end":109244416}
time: {"pass":"write_dep_info","time":0.000039639,"rss_start":109260800,"rss_end":109301760}
time: {"pass":"complete_gated_feature_checking","time":0.000584817,"rss_start":109432832,"rss_end":109432832}
time: {"pass":"drop_ast","time":0.0034856,"rss_start":126496768,"rss_end":126496768}
time: {"pass":"looking_for_entry_point","time":0.000018238,"rss_start":126631936,"rss_end":126631936}
time: {"pass":"looking_for_derive_registrar","time":0.000263646,"rss_start":126631936,"rss_end":126853120}
time: {"pass":"unused_lib_feature_checking","time":0.001020741,"rss_start":127021056,"rss_end":126889984}
time: {"pass":"misc_checking_1","time":0.006830219,"rss_start":126631936,"rss_end":127868928}
time: {"pass":"coherence_checking","time":0.038017745,"rss_start":127934464,"rss_end":149913600}
time: {"pass":"emit_ast_lowering_delayed_lints","time":0.000034832,"rss_start":149913600,"rss_end":149848064}
time: {"pass":"type_check_crate","time":0.308601196,"rss_start":127868928,"rss_end":241422336}
time: {"pass":"MIR_borrow_checking","time":0.131075615,"rss_start":241422336,"rss_end":258711552}
time: {"pass":"layout_testing","time":0.000018268,"rss_start":258711552,"rss_end":258711552}
time: {"pass":"abi_testing","time":0.000017095,"rss_start":258711552,"rss_end":258711552}
time: {"pass":"crate_lints","time":0.000017246,"rss_start":258727936,"rss_end":258727936}
time: {"pass":"module_lints","time":0.012878514,"rss_start":258727936,"rss_end":259145728}
time: {"pass":"lint_checking","time":0.012974127,"rss_start":258727936,"rss_end":259145728}
time: {"pass":"privacy_checking_modules","time":0.009009668,"rss_start":259145728,"rss_end":259420160}
time: {"pass":"check_lint_expectations","time":0.000039019,"rss_start":259420160,"rss_end":259420160}
time: {"pass":"misc_checking_3","time":0.028335397,"rss_start":258711552,"rss_end":259420160}
time: {"pass":"generate_crate_metadata","time":0.018969122,"rss_start":259420160,"rss_end":266645504}
time: {"pass":"codegen_crate","time":0.000324837,"rss_start":266645504,"rss_end":266600448}
time: {"pass":"serialize_dep_graph","time":0.000022324,"rss_start":267796480,"rss_end":267796480}
time: {"pass":"join_worker_thread","time":0.000017947,"rss_start":192892928,"rss_end":192892928}
time: {"pass":"finish_ongoing_codegen","time":0.000075704,"rss_start":192892928,"rss_end":192958464}
time: {"pass":"serialize_work_products","time":0.000016885,"rss_start":192958464,"rss_end":192958464}
time: {"pass":"link_binary_check_files_are_writeable","time":0.000016605,"rss_start":192958464,"rss_end":192958464}
time: {"pass":"link_binary_remove_temps","time":0.000016805,"rss_start":192958464,"rss_end":192958464}
time: {"pass":"link_binary","time":0.000089755,"rss_start":192958464,"rss_end":192958464}
time: {"pass":"link_crate","time":0.000134442,"rss_start":192958464,"rss_end":192958464}
time: {"pass":"link","time":0.000228953,"rss_start":192958464,"rss_end":192958464}
time: {"pass":"total","time":0.614814028,"rss_start":28344320,"rss_end":150171648}
